Last login: Wed Sep 16 17:43:23 on ttys003
❯ pwd
/Users/iaincarmichael/Dropbox/Research/local_packages/python/ya_pca
❯ cd .
❯ ls
README.md	notebooks	setup.py	updates.md	ya_pca
❯ cd ..
❯ ls
bcia				move_code_to_longleaf.sh
block_diag			mv_pse
cbcs_joint			mvmm
cd_opt				mvmm_dev
courtlistener			mvmm_sim
diproperm			new_conda_env.txt
dwd				old_packages
explore				quirks
jackstraw			scrap
jive				swdb
lazymatpy			what_the_cluster
modified_open_source		ya_pca
❯ cd explore
❯ git status
^C
❯ pwd
/Users/iaincarmichael/Dropbox/Research/local_packages/python/explore
❯ git add .
❯ git status
On branch master
Your branch is up to date with 'origin/master'.
# Byte-compiled / optimized / DLL files
__pycache__/
*.py[cod]
*$py.class

# C extensions
*.so

# Distribution / packaging
.Python
env/
build/
develop-eggs/
dist/
downloads/
eggs/
.eggs/
lib/
lib64/
parts/
sdist/
var/
*.egg-info/
.installed.cfg
".gitignore" 41L, 558C
